Running hackbench with --process 10 times...
Iteration 1: 0.820 s
Iteration 2: 0.805 s
Iteration 3: 0.859 s
Iteration 4: 0.798 s
Iteration 5: 0.846 s
Iteration 6: 0.910 s
Iteration 7: 0.808 s
Iteration 8: 0.815 s
Iteration 9: 0.857 s
Iteration 10: 0.813 s
Average execution time (process): 0.8331 seconds
Standard deviation (process): 0.0329801 seconds

Running hackbench with --threads 10 times...
Iteration 1: 0.946 s
Iteration 2: 0.926 s
Iteration 3: 0.924 s
Iteration 4: 0.966 s
Iteration 5: 0.926 s
Iteration 6: 0.928 s
Iteration 7: 0.923 s
Iteration 8: 0.933 s
Iteration 9: 0.941 s
Iteration 10: 0.914 s
Average execution time (threads): 0.9327 seconds
Standard deviation (threads): 0.0140929 seconds
