Running hackbench with --process 1 times...
Iteration 1: 0.850 s
Average execution time (process): 0.85 seconds
Standard deviation (process): 0 seconds

Running hackbench with --threads 1 times...
Iteration 1: 0.805 s
Average execution time (threads): 0.805 seconds
Standard deviation (threads): 0 seconds

 Performance counter stats for './hackbench_one.sh':

              2210      cpu-migrations                                                        
            387630      sched:sched_switch                                                    
            335885      sched:sched_wakeup                                                    
             20020      sched:sched_wakeup_new                                                

       3.934008761 seconds time elapsed

       5.822068000 seconds user
      33.445221000 seconds sys


