[36mInitializing python:3.9-slim docker image...[0m
[36mStarting [33m100[36m containers...[0m
[32mTotal execution time: [33m21.92[32m seconds[0m
[32mAverage container execution time: [33m4.58[32m seconds[0m
[32mMax container execution time: [33m7.68[32m seconds[0m
[32mMin container execution time: [33m0.59[32m seconds[0m
[32m99th percentile container execution time: [33m7.26[32m seconds[0m

 Performance counter stats for 'python3 start_containers.py cpu':

               992      cpu-migrations                                                        
             67198      sched:sched_switch                                                    
             10836      sched:sched_wakeup                                                    
              1148      sched:sched_wakeup_new                                                

      26.564568903 seconds time elapsed

       2.692360000 seconds user
       4.841229000 seconds sys


