[36mInitializing python:3.9-slim docker image...[0m
[36mStarting [33m100[36m containers...[0m
[32mTotal execution time: [33m16.31[32m seconds[0m
[32mAverage container execution time: [33m3.33[32m seconds[0m
[32mMax container execution time: [33m4.94[32m seconds[0m
[32mMin container execution time: [33m0.59[32m seconds[0m
[32m99th percentile container execution time: [33m4.94[32m seconds[0m

 Performance counter stats for 'python3 start_containers.py cpu':

               862      cpu-migrations                                                        
             65701      sched:sched_switch                                                    
             11370      sched:sched_wakeup                                                    
              1166      sched:sched_wakeup_new                                                

      18.038632134 seconds time elapsed

       2.511345000 seconds user
       4.307970000 seconds sys


